
> client@0.1.0 build
> next build && node scripts/validate-links.js

node.exe : Warning: Custom Cache-Control headers detected for the following routes:
At line:1 char:1
+ & "C:\Program Files\nodejs/node.exe" "C:\Program Files\nodejs/node_mo ...
+ ~~~~~~~~~~~~~~~~~~~~~~~~~~~~~~~~~~~~~~~~~~~~~~~~~~~~~~~~~~~~~~~~~~~~~
    + CategoryInfo          : NotSpecified: (Warning: Custom...llowing routes::String) [], RemoteException
    + FullyQualifiedErrorId : NativeCommandError
 
  - /_next/static/(.*)

Setting a custom Cache-Control header can break Next.js development behavior.
Γû▓ Next.js 16.2.5 (Turbopack)
- Experiments (use with caution):
  Γ£ô nextScriptWorkers
  ┬╖ optimizePackageImports

ΓÜá The "middleware" file convention is deprecated. Please use "proxy" instead. Learn more: 
https://nextjs.org/docs/messages/middleware-to-proxy
  Creating an optimized production build ...
Γ£ô Compiled successfully in 9.2s
  Running TypeScript ...
  Finished TypeScript in 110ms ...
  Collecting page data using 11 workers ...
ΓÜá Using edge runtime on a page currently disables static generation for that page
  Generating static pages using 11 workers (0/259) ...
  Generating static pages using 11 workers (64/259) 
>>> API INITIALIZED: BASE_URL=''
>>> API INITIALIZED: BASE_URL=''
  Generating static pages using 11 workers (129/259) 
  Generating static pages using 11 workers (194/259) 
Error occurred prerendering page "/contact". Read more: https://nextjs.org/docs/messages/prerender-error
ReferenceError: Breadcrumbs is not defined
    at a.s.title 
(C:\Users\nsure\OneDrive\Desktop\Main\client\.next\server\chunks\ssr\[root-of-the-server]__0mu40rx._.js:1:6966)
    at stringify (<anonymous>) {
  digest: '2324203456'
}
Export encountered an error on /contact/page: /contact, exiting the build.
Γ¿» Next.js build worker exited with code: 1 and signal: null
